eeschema (2011-05-25)-stable  >> Creation date: Sun 14 Jul 2013 11:20:11 AM CEST

#Cmp ( order = Reference )
| C101       100n        
| C102       100n        
| C103       100n        
| C104       100n        
| C105       100n        
| C106       10uF        
| C107       10uF        
| C108       100uF       
| C109       100uF       
| C201       1uF         
| C202       1uF         
| C203       1uF         
| C204       1uF         
| C205       100n        
| C206       100n        
| C207       100n        
| C208       100n        
| C301       1uF         
| C302       1uF         
| C303       1uF         
| C304       1uF         
| C305       100n        
| C306       100n        
| C307       100n        
| C308       100n        
| D101       DIODE       
| D102       LED         
| F101       CERAMIC_FILTER
| IC101      ATTINY2313-P
| J101       REICHELT_EBS35
| J102       REICHELT_EBS35
| J103       REICHELT_EBS35
| J104       REICHELT_EBS35
| J105       AVR-ISP-6   
| JP101      JUMPER      
| K101       CONN_3      
| K102       CONN_3      
| OPT101     6N137       
| P101       CONN_2      
| P102       CONN_2      
| P103       CONN_2      
| P104       CONN_1      
| P105       CONN_1      
| P106       CONN_1      
| P107       CONN_1      
| P108       CONN_1      
| Q101       FET_N       
| R101       10k         
| R102       10k         
| R103       10k         
| R104       10k         
| R105       10k         
| R106       10k         
| R107       1k          
| R108       1k          
| R109       220         
| R110       1k          
| R111       470         
| R112       1m          
| R113       10k         
| R201       10k         
| R202       10k         
| R203       10k         
| R204       10k         
| R205       10k         
| R206       10k         
| R207       10k         
| R208       10k         
| R209       1k          
| R210       1k          
| R211       1k          
| R212       1k          
| R213       10k         
| R214       10k         
| R215       10k         
| R216       10k         
| R301       10k         
| R302       10k         
| R303       10k         
| R304       10k         
| R305       10k         
| R306       10k         
| R307       10k         
| R308       10k         
| R309       1k          
| R310       1k          
| R311       1k          
| R312       1k          
| R313       10k         
| R314       10k         
| R315       10k         
| R316       10k         
| U101       TLC274      
| U102       MCP4461     
| U103       78L05_SO8   
| U201       TLC274      
| U202       MCP4461     
| U301       TLC274      
| U302       MCP4461     
#End Cmp

#Cmp ( order = Value )
| 100n         C101      
| 100n         C102      
| 100n         C103      
| 100n         C104      
| 100n         C105      
| 100n         C205      
| 100n         C206      
| 100n         C207      
| 100n         C208      
| 100n         C305      
| 100n         C306      
| 100n         C307      
| 100n         C308      
| 100uF        C108      
| 100uF        C109      
| 10k          R101      
| 10k          R102      
| 10k          R103      
| 10k          R104      
| 10k          R105      
| 10k          R106      
| 10k          R113      
| 10k          R201      
| 10k          R202      
| 10k          R203      
| 10k          R204      
| 10k          R205      
| 10k          R206      
| 10k          R207      
| 10k          R208      
| 10k          R213      
| 10k          R214      
| 10k          R215      
| 10k          R216      
| 10k          R301      
| 10k          R302      
| 10k          R303      
| 10k          R304      
| 10k          R305      
| 10k          R306      
| 10k          R307      
| 10k          R308      
| 10k          R313      
| 10k          R314      
| 10k          R315      
| 10k          R316      
| 10uF         C106      
| 10uF         C107      
| 1k           R107      
| 1k           R108      
| 1k           R110      
| 1k           R209      
| 1k           R210      
| 1k           R211      
| 1k           R212      
| 1k           R309      
| 1k           R310      
| 1k           R311      
| 1k           R312      
| 1m           R112      
| 1uF          C201      
| 1uF          C202      
| 1uF          C203      
| 1uF          C204      
| 1uF          C301      
| 1uF          C302      
| 1uF          C303      
| 1uF          C304      
| 220          R109      
| 470          R111      
| 6N137        OPT101    
| 78L05_SO8    U103      
| ATTINY2313-P IC101     
| AVR-ISP-6    J105      
| CERAMIC_FILTER F101      
| CONN_1       P104      
| CONN_1       P105      
| CONN_1       P106      
| CONN_1       P107      
| CONN_1       P108      
| CONN_2       P101      
| CONN_2       P102      
| CONN_2       P103      
| CONN_3       K101      
| CONN_3       K102      
| DIODE        D101      
| FET_N        Q101      
| JUMPER       JP101     
| LED          D102      
| MCP4461      U102      
| MCP4461      U202      
| MCP4461      U302      
| REICHELT_EBS35 J101      
| REICHELT_EBS35 J102      
| REICHELT_EBS35 J103      
| REICHELT_EBS35 J104      
| TLC274       U101      
| TLC274       U201      
| TLC274       U301      
#End Cmp

#End List
